Fri Nov 20 20:54:06 MST 2015
here is your PBS_NODEFILE
cn0683
cn0683
cn0683
cn0683
cn0683
cn0683
cn0683
cn0683
cn0683
cn0683
cn0683
cn0683
cn0735
cn0735
cn0735
cn0735
cn0735
cn0735
cn0735
cn0735
cn0735
cn0735
cn0735
cn0735
cn0738
cn0738
cn0738
cn0738
cn0738
cn0738
cn0738
cn0738
cn0738
cn0738
cn0738
cn0738
calling julia now
