Sat Nov 21 14:16:15 MST 2015
here is your PBS_NODEFILE
cn0733
cn0733
cn0733
cn0733
cn0733
cn0733
cn0733
cn0733
cn0733
cn0733
cn0733
cn0733
cn0735
cn0735
cn0735
cn0735
cn0735
cn0735
cn0735
cn0735
cn0735
cn0735
cn0735
cn0735
cn0740
cn0740
cn0740
cn0740
cn0740
cn0740
cn0740
cn0740
cn0740
cn0740
cn0740
cn0740
calling julia now
